
[1m[46m RUN [49m[22m [36mv4.0.18 [39m[90mD:/MakeIntellex/Projects/mycelisai/scratch/interface[39m

 [31mΓ¥»[39m __tests__/CommandPage.test.tsx [2m([22m[2m3 tests[22m[2m | [22m[31m3 failed[39m[2m)[22m[32m 37[2mms[22m[39m
[31m     [31m├ù[31m renders the Status Bar with precise indicators[39m[32m 28[2mms[22m[39m
[31m     [31m├ù[31m renders the Command Input Hero[39m[32m 3[2mms[22m[39m
[31m     [31m├ù[31m renders the Session Feed (Active Operations)[39m[32m 3[2mms[22m[39m
 [32mΓ£ô[39m __tests__/Console.test.tsx [2m([22m[2m2 tests[22m[2m)[22m[32m 76[2mms[22m[39m
 [32mΓ£ô[39m __tests__/Forge.test.tsx [2m([22m[2m3 tests[22m[2m)[22m[32m 104[2mms[22m[39m
[90mstdout[2m | __tests__/Approvals.test.tsx[2m > [22m[2mApprovals Page (Governance)[2m > [22m[2mremoves a decision card on approval
[22m[39mDecision dec-1 resolved: APPROVED

 [32mΓ£ô[39m __tests__/Sidebar.test.tsx [2m([22m[2m2 tests[22m[2m)[22m[33m 439[2mms[22m[39m
     [33m[2mΓ£ô[22m[39m renders navigation links [33m 416[2mms[22m[39m
[90mstdout[2m | __tests__/Approvals.test.tsx[2m > [22m[2mApprovals Page (Governance)[2m > [22m[2mshows empty state when all approved
[22m[39mDecision dec-1 resolved: APPROVED
Decision dec-2 resolved: APPROVED

 [32mΓ£ô[39m __tests__/Approvals.test.tsx [2m([22m[2m3 tests[22m[2m)[22m[32m 139[2mms[22m[39m

ΓÄ»ΓÄ»ΓÄ»ΓÄ»ΓÄ»ΓÄ»ΓÄ» Failed Tests 3 ΓÄ»ΓÄ»ΓÄ»ΓÄ»ΓÄ»ΓÄ»ΓÄ»

 FAIL  __tests__/CommandPage.test.tsx > Command Page (Root) > renders the Status Bar with precise indicators
 FAIL  __tests__/CommandPage.test.tsx > Command Page (Root) > renders the Command Input Hero
 FAIL  __tests__/CommandPage.test.tsx > Command Page (Root) > renders the Session Feed (Active Operations)
Error: Element type is invalid: expected a string (for built-in components) or a class/function (for composite components) but got: undefined. You likely forgot to export your component from the file it's defined in, or you might have mixed up default and named imports.

Check the render method of `CommandPage`.
 Γ¥» createFiberFromTypeAndProps node_modules/react-dom/cjs/react-dom-client.development.js:5021:28
 Γ¥» createFiberFromElement node_modules/react-dom/cjs/react-dom-client.development.js:5035:14
 Γ¥» reconcileChildFibersImpl node_modules/react-dom/cjs/react-dom-client.development.js:6920:31
 Γ¥» node_modules/react-dom/cjs/react-dom-client.development.js:7098:33
 Γ¥» reconcileChildren node_modules/react-dom/cjs/react-dom-client.development.js:9701:13
 Γ¥» updateFunctionComponent node_modules/react-dom/cjs/react-dom-client.development.js:10182:7
 Γ¥» beginWork node_modules/react-dom/cjs/react-dom-client.development.js:11778:18
 Γ¥» runWithFiberInDEV node_modules/react-dom/cjs/react-dom-client.development.js:874:13
 Γ¥» performUnitOfWork node_modules/react-dom/cjs/react-dom-client.development.js:17641:22
 Γ¥» workLoopSync node_modules/react-dom/cjs/react-dom-client.development.js:17469:41

ΓÄ»ΓÄ»ΓÄ»ΓÄ»ΓÄ»ΓÄ»ΓÄ»ΓÄ»ΓÄ»ΓÄ»ΓÄ»ΓÄ»ΓÄ»ΓÄ»ΓÄ»ΓÄ»ΓÄ»ΓÄ»ΓÄ»ΓÄ»ΓÄ»ΓÄ»ΓÄ»ΓÄ»[1/3]ΓÄ»


[2m Test Files [22m [1m[31m1 failed[39m[22m[2m | [22m[1m[32m4 passed[39m[22m[90m (5)[39m
[2m      Tests [22m [1m[31m3 failed[39m[22m[2m | [22m[1m[32m10 passed[39m[22m[90m (13)[39m
[2m   Start at [22m 09:58:41
[2m   Duration [22m 2.93s[2m (transform 3.48s, setup 0ms, import 5.40s, tests 794ms, environment 6.21s)[22m

